{
  "version": "1.5.0",
  "plugins_used": [
    {
      "name": "ArtifactoryDetector"
    },
    {
      "name": "AWSKeyDetector"
    },
    {
      "name": "AzureStorageKeyDetector"
    },
    {
      "name": "Base64HighEntropyString",
      "limit": 4.5
    },
    {
      "name": "BasicAuthDetector"
    },
    {
      "name": "CloudantDetector"
    },
    {
      "name": "DiscordBotTokenDetector"
    },
    {
      "name": "GitHubTokenDetector"
    },
    {
      "name": "GitLabTokenDetector"
    },
    {
      "name": "HexHighEntropyString",
      "limit": 3.0
    },
    {
      "name": "IbmCloudIamDetector"
    },
    {
      "name": "IbmCosHmacDetector"
    },
    {
      "name": "IPPublicDetector"
    },
    {
      "name": "JwtTokenDetector"
    },
    {
      "name": "KeywordDetector",
      "keyword_exclude": ""
    },
    {
      "name": "MailchimpDetector"
    },
    {
      "name": "NpmDetector"
    },
    {
      "name": "OpenAIDetector"
    },
    {
      "name": "PrivateKeyDetector"
    },
    {
      "name": "PypiTokenDetector"
    },
    {
      "name": "SendGridDetector"
    },
    {
      "name": "SlackDetector"
    },
    {
      "name": "SoftlayerDetector"
    },
    {
      "name": "SquareOAuthDetector"
    },
    {
      "name": "StripeDetector"
    },
    {
      "name": "TelegramBotTokenDetector"
    },
    {
      "name": "TwilioKeyDetector"
    }
  ],
  "filters_used": [
    {
      "path": "detect_secrets.filters.allowlist.is_line_allowlisted"
    },
    {
      "path": "detect_secrets.filters.common.is_baseline_file",
      "filename": ".secrets.baseline"
    },
    {
      "path": "detect_secrets.filters.common.is_ignored_due_to_verification_policies",
      "min_level": 2
    },
    {
      "path": "detect_secrets.filters.heuristic.is_indirect_reference"
    },
    {
      "path": "detect_secrets.filters.heuristic.is_likely_id_string"
    },
    {
      "path": "detect_secrets.filters.heuristic.is_lock_file"
    },
    {
      "path": "detect_secrets.filters.heuristic.is_not_alphanumeric_string"
    },
    {
      "path": "detect_secrets.filters.heuristic.is_potential_uuid"
    },
    {
      "path": "detect_secrets.filters.heuristic.is_prefixed_with_dollar_sign"
    },
    {
      "path": "detect_secrets.filters.heuristic.is_sequential_string"
    },
    {
      "path": "detect_secrets.filters.heuristic.is_swagger_file"
    },
    {
      "path": "detect_secrets.filters.heuristic.is_templated_secret"
    },
    {
      "path": "detect_secrets.filters.regex.should_exclude_file",
      "pattern": [
        "^app/data/compromised_passwords\\.sha256$"
      ]
    }
  ],
  "results": {
    ".env.example": [
      {
        "type": "Basic Auth Credentials",
        "filename": ".env.example",
        "hashed_secret": "5baa61e4c9b93f3f0682250b6cf8331b7ee68fd8",
        "is_verified": false,
        "line_number": 24,
        "is_secret": false
      }
    ],
    "README.md": [
      {
        "type": "Basic Auth Credentials",
        "filename": "README.md",
        "hashed_secret": "5baa61e4c9b93f3f0682250b6cf8331b7ee68fd8",
        "is_verified": false,
        "line_number": 311,
        "is_secret": false
      },
      {
        "type": "Secret Keyword",
        "filename": "README.md",
        "hashed_secret": "3eff0fb710031e13ab4b5f80e2dfd5455373beff",
        "is_verified": false,
        "line_number": 507,
        "is_secret": false
      },
      {
        "type": "Secret Keyword",
        "filename": "README.md",
        "hashed_secret": "779bb0d44e06aab13c2f438c4be4c752de545c31",
        "is_verified": false,
        "line_number": 511,
        "is_secret": false
      }
    ],
    "tests/conftest.py": [
      {
        "type": "Secret Keyword",
        "filename": "tests/conftest.py",
        "hashed_secret": "f20d6af9dbc8562272a6e0d56b6e54b68986c4d0",
        "is_verified": false,
        "line_number": 31,
        "is_secret": false
      }
    ],
    "tests/test_auth.py": [
      {
        "type": "Secret Keyword",
        "filename": "tests/test_auth.py",
        "hashed_secret": "e0255c44e02e68faf6d3ff2859534f4be9bb6960",
        "is_verified": false,
        "line_number": 23,
        "is_secret": false
      },
      {
        "type": "Secret Keyword",
        "filename": "tests/test_auth.py",
        "hashed_secret": "82088533f52ee71d7a251acfdd769261d1609c8a",
        "is_verified": false,
        "line_number": 64,
        "is_secret": false
      },
      {
        "type": "Secret Keyword",
        "filename": "tests/test_auth.py",
        "hashed_secret": "5a4b8aa1ea086ba65b182d03d6af0d73f5b4bad7",
        "is_verified": false,
        "line_number": 150,
        "is_secret": false
      },
      {
        "type": "Secret Keyword",
        "filename": "tests/test_auth.py",
        "hashed_secret": "c5753399c8f552fbca76a32dad6fccd8e6125237",
        "is_verified": false,
        "line_number": 178,
        "is_secret": false
      },
      {
        "type": "Secret Keyword",
        "filename": "tests/test_auth.py",
        "hashed_secret": "6809ffccad03b80fa1fbc32c17e7e054805ec30b",
        "is_verified": false,
        "line_number": 249,
        "is_secret": false
      },
      {
        "type": "Secret Keyword",
        "filename": "tests/test_auth.py",
        "hashed_secret": "694ee7d1c6d973b279dc7242b16b3e2b1981516a",
        "is_verified": false,
        "line_number": 408,
        "is_secret": false
      }
    ]
  },
  "generated_at": "2026-08-28T04:18:41Z"
}
